<testsuites id="" name="" tests="1" failures="0" skipped="0" errors="0" time="26.567934">
<testsuite name="EasyCalculationHover.spec.js" timestamp="2025-05-21T08:31:39.727Z" hostname="chromium" tests="1" failures="0" skipped="0" time="6.888" errors="0">
<testcase name="Easy Calculation Hover - Block Ads" classname="EasyCalculationHover.spec.js" time="6.888">
</testcase>
</testsuite>
</testsuites>